\BOOKMARK [0][-]{chapter*.2}{\376\377\000P\000r\000e\000f\000a\000c\000e}{}% 1
\BOOKMARK [0][-]{chapter*.3}{\376\377\000C\000o\000u\000r\000s\000e\000\040\000I\000n\000f\000o\000r\000m\000a\000t\000i\000o\000n}{}% 2
\BOOKMARK [0][-]{chapter*.8}{\376\377\000G\000e\000n\000e\000r\000a\000l\000\040\000I\000n\000s\000t\000r\000u\000c\000t\000i\000o\000n\000s}{}% 3
\BOOKMARK [0][-]{chapter*.9}{\376\377\000S\000a\000f\000e\000t\000y\000\040\000G\000u\000i\000d\000e\000l\000i\000n\000e\000s}{}% 4
\BOOKMARK [0][-]{chapter*.10}{\376\377\000L\000i\000s\000t\000\040\000o\000f\000\040\000E\000q\000u\000i\000p\000m\000e\000n\000t\000\040\000a\000n\000d\000\040\000S\000o\000f\000t\000w\000a\000r\000e}{}% 5
\BOOKMARK [0][-]{chapter*.12}{\376\377\000L\000i\000s\000t\000\040\000o\000f\000\040\000E\000x\000p\000e\000r\000i\000m\000e\000n\000t\000s}{}% 6
\BOOKMARK [0][-]{chapter*.13}{\376\377\000P\000r\000e\000-\000l\000a\000b\000\040\0001}{}% 7
\BOOKMARK [0][-]{chapter*.20}{\376\377\000P\000r\000e\000-\000l\000a\000b\000\040\0002}{}% 8
\BOOKMARK [0][-]{chapter.1}{\376\377\000C\000l\000i\000p\000p\000i\000n\000g\000\040\000a\000n\000d\000\040\000C\000l\000a\000m\000p\000i\000n\000g\000\040\000C\000i\000r\000c\000u\000i\000t\000s\000\040\000u\000s\000i\000n\000g\000\040\000D\000i\000o\000d\000e\000s}{}% 9
\BOOKMARK [1][-]{section.1.1}{\376\377\000A\000i\000m}{chapter.1}% 10
\BOOKMARK [1][-]{section.1.2}{\376\377\000P\000r\000e\000-\000L\000a\000b\000\040\000E\000x\000e\000r\000c\000i\000s\000e}{chapter.1}% 11
\BOOKMARK [1][-]{section.1.3}{\376\377\000E\000q\000u\000i\000p\000m\000e\000n\000t\000/\000C\000o\000m\000p\000o\000n\000e\000n\000t\000s\000\040\000R\000e\000q\000u\000i\000r\000e\000d}{chapter.1}% 12
\BOOKMARK [1][-]{section.1.4}{\376\377\000T\000h\000e\000o\000r\000y}{chapter.1}% 13
\BOOKMARK [2][-]{subsection.1.4.1}{\376\377\000C\000l\000i\000p\000p\000i\000n\000g\000\040\000C\000i\000r\000c\000u\000i\000t\000s}{section.1.4}% 14
\BOOKMARK [2][-]{subsection.1.4.2}{\376\377\000C\000l\000a\000m\000p\000i\000n\000g\000\040\000C\000i\000r\000c\000u\000i\000t\000s}{section.1.4}% 15
\BOOKMARK [1][-]{section.1.5}{\376\377\000D\000e\000s\000i\000g\000n\000\040\000E\000x\000a\000m\000p\000l\000e}{chapter.1}% 16
\BOOKMARK [1][-]{section.1.6}{\376\377\000C\000i\000r\000c\000u\000i\000t\000\040\000D\000i\000a\000g\000r\000a\000m\000s}{chapter.1}% 17
\BOOKMARK [2][-]{subsection.1.6.1}{\376\377\000C\000l\000i\000p\000p\000i\000n\000g\000\040\000C\000i\000r\000c\000u\000i\000t\000s}{section.1.6}% 18
\BOOKMARK [2][-]{subsection.1.6.2}{\376\377\000C\000l\000a\000m\000p\000i\000n\000g\000\040\000C\000i\000r\000c\000u\000i\000t\000s}{section.1.6}% 19
\BOOKMARK [1][-]{section.1.7}{\376\377\000E\000x\000p\000e\000r\000i\000m\000e\000n\000t\000\040\000P\000r\000o\000c\000e\000d\000u\000r\000e}{chapter.1}% 20
\BOOKMARK [1][-]{section.1.8}{\376\377\000P\000r\000e\000c\000a\000u\000t\000i\000o\000n\000s}{chapter.1}% 21
\BOOKMARK [1][-]{section.1.9}{\376\377\000E\000x\000p\000e\000c\000t\000e\000d\000\040\000W\000a\000v\000e\000f\000o\000r\000m\000s}{chapter.1}% 22
\BOOKMARK [1][-]{section.1.10}{\376\377\000O\000b\000s\000e\000r\000v\000a\000t\000i\000o\000n\000\040\000T\000a\000b\000l\000e\000s}{chapter.1}% 23
\BOOKMARK [1][-]{section.1.11}{\376\377\000R\000e\000s\000u\000l\000t\000s}{chapter.1}% 24
\BOOKMARK [1][-]{section.1.12}{\376\377\000Q\000u\000e\000s\000t\000i\000o\000n\000s}{chapter.1}% 25
\BOOKMARK [0][-]{chapter.2}{\376\377\000Z\000e\000n\000e\000r\000\040\000D\000i\000o\000d\000e\000\040\000V\000o\000l\000t\000a\000g\000e\000\040\000R\000e\000g\000u\000l\000a\000t\000o\000r}{}% 26
\BOOKMARK [1][-]{section.2.1}{\376\377\000A\000i\000m}{chapter.2}% 27
\BOOKMARK [1][-]{section.2.2}{\376\377\000P\000r\000e\000-\000L\000a\000b\000\040\000E\000x\000e\000r\000c\000i\000s\000e}{chapter.2}% 28
\BOOKMARK [1][-]{section.2.3}{\376\377\000A\000p\000p\000a\000r\000a\000t\000u\000s\000\040\000/\000\040\000C\000o\000m\000p\000o\000n\000e\000n\000t\000s\000\040\000R\000e\000q\000u\000i\000r\000e\000d}{chapter.2}% 29
\BOOKMARK [1][-]{section.2.4}{\376\377\000T\000h\000e\000o\000r\000y}{chapter.2}% 30
\BOOKMARK [1][-]{section.2.5}{\376\377\000D\000e\000s\000i\000g\000n}{chapter.2}% 31
\BOOKMARK [1][-]{section.2.6}{\376\377\000C\000i\000r\000c\000u\000i\000t\000\040\000D\000i\000a\000g\000r\000a\000m}{chapter.2}% 32
\BOOKMARK [1][-]{section.2.7}{\376\377\000P\000r\000o\000c\000e\000d\000u\000r\000e}{chapter.2}% 33
\BOOKMARK [1][-]{section.2.8}{\376\377\000T\000a\000b\000u\000l\000a\000t\000i\000o\000n}{chapter.2}% 34
\BOOKMARK [1][-]{section.2.9}{\376\377\000M\000o\000d\000e\000l\000\040\000G\000r\000a\000p\000h}{chapter.2}% 35
\BOOKMARK [1][-]{section.2.10}{\376\377\000C\000a\000l\000c\000u\000l\000a\000t\000i\000o\000n\000s\000\040\000f\000r\000o\000m\000\040\000O\000b\000s\000e\000r\000v\000a\000t\000i\000o\000n\000s}{chapter.2}% 36
\BOOKMARK [1][-]{section.2.11}{\376\377\000R\000e\000s\000u\000l\000t}{chapter.2}% 37
\BOOKMARK [1][-]{section.2.12}{\376\377\000Q\000u\000e\000s\000t\000i\000o\000n\000s}{chapter.2}% 38
\BOOKMARK [0][-]{chapter.3}{\376\377\000B\000a\000s\000i\000c\000\040\000R\000C\000\040\000C\000i\000r\000c\000u\000i\000t\000s\000\040\000-\000\040\000H\000i\000g\000h\000-\000p\000a\000s\000s\000\040\000a\000n\000d\000\040\000L\000o\000w\000-\000p\000a\000s\000s\000\040\000F\000i\000l\000t\000e\000r\000s}{}% 39
\BOOKMARK [1][-]{section.3.1}{\376\377\000A\000i\000m}{chapter.3}% 40
\BOOKMARK [1][-]{section.3.2}{\376\377\000P\000r\000e\000-\000L\000a\000b\000\040\000E\000x\000e\000r\000c\000i\000s\000e}{chapter.3}% 41
\BOOKMARK [1][-]{section.3.3}{\376\377\000A\000p\000p\000a\000r\000a\000t\000u\000s\000\040\000/\000\040\000C\000o\000m\000p\000o\000n\000e\000n\000t\000s\000\040\000R\000e\000q\000u\000i\000r\000e\000d}{chapter.3}% 42
\BOOKMARK [1][-]{section.3.4}{\376\377\000T\000h\000e\000o\000r\000y}{chapter.3}% 43
\BOOKMARK [1][-]{section.3.5}{\376\377\000D\000e\000s\000i\000g\000n}{chapter.3}% 44
\BOOKMARK [1][-]{section.3.6}{\376\377\000C\000i\000r\000c\000u\000i\000t\000\040\000D\000i\000a\000g\000r\000a\000m\000s}{chapter.3}% 45
\BOOKMARK [1][-]{section.3.7}{\376\377\000P\000r\000o\000c\000e\000d\000u\000r\000e}{chapter.3}% 46
\BOOKMARK [1][-]{section.3.8}{\376\377\000T\000a\000b\000u\000l\000a\000t\000i\000o\000n}{chapter.3}% 47
\BOOKMARK [1][-]{section.3.9}{\376\377\000S\000a\000m\000p\000l\000e\000\040\000W\000a\000v\000e\000f\000o\000r\000m\000s\000\040\000\050\000S\000q\000u\000a\000r\000e\000\040\000W\000a\000v\000e\000\040\000I\000n\000p\000u\000t\000\051}{chapter.3}% 48
\BOOKMARK [1][-]{section.3.10}{\376\377\000R\000e\000s\000u\000l\000t}{chapter.3}% 49
\BOOKMARK [1][-]{section.3.11}{\376\377\000Q\000u\000e\000s\000t\000i\000o\000n\000s}{chapter.3}% 50
\BOOKMARK [0][-]{chapter.4}{\376\377\000R\000C\000-\000C\000o\000u\000p\000l\000e\000d\000\040\000A\000m\000p\000l\000i\000f\000i\000e\000r\000\040\000u\000s\000i\000n\000g\000\040\000B\000J\000T\000\040\000i\000n\000\040\000C\000E\000\040\000C\000o\000n\000f\000i\000g\000u\000r\000a\000t\000i\000o\000n}{}% 51
\BOOKMARK [1][-]{section.4.1}{\376\377\000A\000i\000m}{chapter.4}% 52
\BOOKMARK [1][-]{section.4.2}{\376\377\000P\000r\000e\000-\000L\000a\000b\000\040\000A\000s\000s\000i\000g\000n\000m\000e\000n\000t}{chapter.4}% 53
\BOOKMARK [1][-]{section.4.3}{\376\377\000C\000o\000m\000p\000o\000n\000e\000n\000t\000s\000\040\000a\000n\000d\000\040\000E\000q\000u\000i\000p\000m\000e\000n\000t\000\040\000R\000e\000q\000u\000i\000r\000e\000d}{chapter.4}% 54
\BOOKMARK [1][-]{section.4.4}{\376\377\000T\000h\000e\000o\000r\000y}{chapter.4}% 55
\BOOKMARK [2][-]{subsection.4.4.1}{\376\377\000C\000i\000r\000c\000u\000i\000t\000\040\000F\000u\000n\000c\000t\000i\000o\000n\000a\000l\000i\000t\000y}{section.4.4}% 56
\BOOKMARK [2][-]{subsection.4.4.2}{\376\377\000F\000r\000e\000q\000u\000e\000n\000c\000y\000\040\000R\000e\000s\000p\000o\000n\000s\000e\000\040\000C\000h\000a\000r\000a\000c\000t\000e\000r\000i\000s\000t\000i\000c\000s}{section.4.4}% 57
\BOOKMARK [1][-]{section.4.5}{\376\377\000C\000i\000r\000c\000u\000i\000t\000\040\000D\000i\000a\000g\000r\000a\000m}{chapter.4}% 58
\BOOKMARK [1][-]{section.4.6}{\376\377\000D\000e\000s\000i\000g\000n}{chapter.4}% 59
\BOOKMARK [2][-]{subsection.4.6.1}{\376\377\000D\000e\000s\000i\000g\000n\000\040\000S\000p\000e\000c\000i\000f\000i\000c\000a\000t\000i\000o\000n\000s}{section.4.6}% 60
\BOOKMARK [2][-]{subsection.4.6.2}{\376\377\000S\000t\000e\000p\000-\000b\000y\000-\000S\000t\000e\000p\000\040\000D\000e\000s\000i\000g\000n\000\040\000P\000r\000o\000c\000e\000d\000u\000r\000e}{section.4.6}% 61
\BOOKMARK [1][-]{section.4.7}{\376\377\000P\000r\000o\000c\000e\000d\000u\000r\000e}{chapter.4}% 62
\BOOKMARK [2][-]{subsection.4.7.1}{\376\377\000D\000C\000\040\000O\000p\000e\000r\000a\000t\000i\000n\000g\000\040\000P\000o\000i\000n\000t\000\040\000V\000e\000r\000i\000f\000i\000c\000a\000t\000i\000o\000n\000\040\000\050\000S\000t\000a\000t\000i\000c\000\040\000A\000n\000a\000l\000y\000s\000i\000s\000\051}{section.4.7}% 63
\BOOKMARK [2][-]{subsection.4.7.2}{\376\377\000A\000C\000\040\000A\000n\000a\000l\000y\000s\000i\000s\000\040\000a\000n\000d\000\040\000F\000r\000e\000q\000u\000e\000n\000c\000y\000\040\000R\000e\000s\000p\000o\000n\000s\000e\000\040\000P\000l\000o\000t\000t\000i\000n\000g}{section.4.7}% 64
\BOOKMARK [1][-]{section.4.8}{\376\377\000P\000r\000e\000c\000a\000u\000t\000i\000o\000n\000s}{chapter.4}% 65
\BOOKMARK [1][-]{section.4.9}{\376\377\000M\000o\000d\000e\000l\000\040\000G\000r\000a\000p\000h\000\040\000/\000\040\000E\000x\000p\000e\000c\000t\000e\000d\000\040\000W\000a\000v\000e\000f\000o\000r\000m\000s}{chapter.4}% 66
\BOOKMARK [1][-]{section.4.10}{\376\377\000O\000b\000s\000e\000r\000v\000a\000t\000i\000o\000n\000s}{chapter.4}% 67
\BOOKMARK [2][-]{subsection.4.10.1}{\376\377\000D\000C\000\040\000O\000p\000e\000r\000a\000t\000i\000n\000g\000\040\000P\000o\000i\000n\000t\000\040\000P\000a\000r\000a\000m\000e\000t\000e\000r\000s}{section.4.10}% 68
\BOOKMARK [2][-]{subsection.4.10.2}{\376\377\000A\000C\000\040\000F\000r\000e\000q\000u\000e\000n\000c\000y\000\040\000R\000e\000s\000p\000o\000n\000s\000e\000\040\000D\000a\000t\000a}{section.4.10}% 69
\BOOKMARK [2][-]{subsection.4.10.3}{\376\377\000S\000u\000m\000m\000a\000r\000y\000\040\000o\000f\000\040\000O\000b\000s\000e\000r\000v\000a\000t\000i\000o\000n\000s}{section.4.10}% 70
\BOOKMARK [1][-]{section.4.11}{\376\377\000R\000e\000s\000u\000l\000t}{chapter.4}% 71
\BOOKMARK [1][-]{section.4.12}{\376\377\000Q\000u\000e\000s\000t\000i\000o\000n\000s}{chapter.4}% 72
\BOOKMARK [0][-]{chapter.5}{\376\377\000M\000O\000S\000F\000E\000T\000\040\000A\000m\000p\000l\000i\000f\000i\000e\000r\000\040\000i\000n\000\040\000C\000S\000\040\000C\000o\000n\000f\000i\000g\000u\000r\000a\000t\000i\000o\000n\000\040\040\023\000\040\000M\000e\000a\000s\000u\000r\000e\000m\000e\000n\000t\000\040\000o\000f\000\040\000G\000a\000i\000n\000,\000\040\000B\000a\000n\000d\000w\000i\000d\000t\000h\000,\000\040\000a\000n\000d\000\040\000P\000l\000o\000t\000t\000i\000n\000g\000\040\000o\000f\000\040\000F\000r\000e\000q\000u\000e\000n\000c\000y\000\040\000R\000e\000s\000p\000o\000n\000s\000e}{}% 73
\BOOKMARK [1][-]{section.5.1}{\376\377\000A\000i\000m}{chapter.5}% 74
\BOOKMARK [1][-]{section.5.2}{\376\377\000P\000r\000e\000-\000L\000a\000b\000\040\000A\000s\000s\000i\000g\000n\000m\000e\000n\000t}{chapter.5}% 75
\BOOKMARK [1][-]{section.5.3}{\376\377\000C\000o\000m\000p\000o\000n\000e\000n\000t\000s\000\040\000a\000n\000d\000\040\000E\000q\000u\000i\000p\000m\000e\000n\000t\000\040\000R\000e\000q\000u\000i\000r\000e\000d}{chapter.5}% 76
\BOOKMARK [1][-]{section.5.4}{\376\377\000T\000h\000e\000o\000r\000y}{chapter.5}% 77
\BOOKMARK [2][-]{subsection.5.4.1}{\376\377\000C\000i\000r\000c\000u\000i\000t\000\040\000F\000u\000n\000c\000t\000i\000o\000n\000a\000l\000i\000t\000y}{section.5.4}% 78
\BOOKMARK [2][-]{subsection.5.4.2}{\376\377\000F\000r\000e\000q\000u\000e\000n\000c\000y\000\040\000R\000e\000s\000p\000o\000n\000s\000e\000\040\000C\000h\000a\000r\000a\000c\000t\000e\000r\000i\000s\000t\000i\000c\000s}{section.5.4}% 79
\BOOKMARK [1][-]{section.5.5}{\376\377\000C\000i\000r\000c\000u\000i\000t\000\040\000D\000i\000a\000g\000r\000a\000m}{chapter.5}% 80
\BOOKMARK [1][-]{section.5.6}{\376\377\000D\000e\000s\000i\000g\000n}{chapter.5}% 81
\BOOKMARK [2][-]{subsection.5.6.1}{\376\377\000D\000e\000s\000i\000g\000n\000\040\000S\000p\000e\000c\000i\000f\000i\000c\000a\000t\000i\000o\000n\000s}{section.5.6}% 82
\BOOKMARK [2][-]{subsection.5.6.2}{\376\377\000S\000t\000e\000p\000-\000b\000y\000-\000S\000t\000e\000p\000\040\000D\000e\000s\000i\000g\000n\000\040\000P\000r\000o\000c\000e\000d\000u\000r\000e}{section.5.6}% 83
\BOOKMARK [1][-]{section.5.7}{\376\377\000P\000r\000o\000c\000e\000d\000u\000r\000e}{chapter.5}% 84
\BOOKMARK [2][-]{subsection.5.7.1}{\376\377\000D\000C\000\040\000O\000p\000e\000r\000a\000t\000i\000n\000g\000\040\000P\000o\000i\000n\000t\000\040\000V\000e\000r\000i\000f\000i\000c\000a\000t\000i\000o\000n\000\040\000\050\000S\000t\000a\000t\000i\000c\000\040\000A\000n\000a\000l\000y\000s\000i\000s\000\051}{section.5.7}% 85
\BOOKMARK [2][-]{subsection.5.7.2}{\376\377\000A\000C\000\040\000A\000n\000a\000l\000y\000s\000i\000s\000\040\000a\000n\000d\000\040\000F\000r\000e\000q\000u\000e\000n\000c\000y\000\040\000R\000e\000s\000p\000o\000n\000s\000e\000\040\000P\000l\000o\000t\000t\000i\000n\000g}{section.5.7}% 86
\BOOKMARK [1][-]{section.5.8}{\376\377\000P\000r\000e\000c\000a\000u\000t\000i\000o\000n\000s}{chapter.5}% 87
\BOOKMARK [1][-]{section.5.9}{\376\377\000M\000o\000d\000e\000l\000\040\000G\000r\000a\000p\000h\000\040\000/\000\040\000E\000x\000p\000e\000c\000t\000e\000d\000\040\000W\000a\000v\000e\000f\000o\000r\000m\000s}{chapter.5}% 88
\BOOKMARK [1][-]{section.5.10}{\376\377\000O\000b\000s\000e\000r\000v\000a\000t\000i\000o\000n\000\040\000T\000a\000b\000l\000e\000s}{chapter.5}% 89
\BOOKMARK [2][-]{subsection.5.10.1}{\376\377\000D\000C\000\040\000O\000p\000e\000r\000a\000t\000i\000n\000g\000\040\000P\000o\000i\000n\000t\000\040\000P\000a\000r\000a\000m\000e\000t\000e\000r\000s}{section.5.10}% 90
\BOOKMARK [2][-]{subsection.5.10.2}{\376\377\000A\000C\000\040\000F\000r\000e\000q\000u\000e\000n\000c\000y\000\040\000R\000e\000s\000p\000o\000n\000s\000e\000\040\000D\000a\000t\000a}{section.5.10}% 91
\BOOKMARK [1][-]{section.5.11}{\376\377\000R\000e\000s\000u\000l\000t}{chapter.5}% 92
\BOOKMARK [1][-]{section.5.12}{\376\377\000Q\000u\000e\000s\000t\000i\000o\000n\000s}{chapter.5}% 93
